layer at (0,0) size 800x600
  LayoutView at (0,0) size 800x600
layer at (0,0) size 800x84
  LayoutBlockFlow {HTML} at (0,0) size 800x84
    LayoutBlockFlow {BODY} at (8,8) size 784x68
      LayoutBlockFlow (anonymous) at (0,30) size 784x18
        LayoutBR {BR} at (0,0) size 0x18
layer at (8,8) size 50x30 clip at (9,9) size 48x28 scrollWidth 62
  LayoutBlockFlow {DIV} at (0,0) size 50x30 [border: (1px solid #000000)]
    LayoutText {#text} at (1,1) size 63x28
      text run at (1,1) width 63: "ABAB"
layer at (8,56) size 242x20 clip at (9,57) size 240x18 scrollWidth 2893
  LayoutBlockFlow {DIV} at (0,48) size 242x20 [border: (1px solid #000000)]
    LayoutText {#text} at (1,1) size 2893x19
      text run at (1,1) width 2893: "ABABABABABABABABABABAB ABABABABABABAB ABABABABABABABABABAB ABABABABABABABABABABABABABABABAB ABABABABAB ABABABABABABABABAB ABABABABABABABABAB ABABABABABABABABAB ABABABABABABABAB ABABABABABABABABAB ABABABABABABABABAB ABABABABABABABABABABAB ABABABABABABABABABABABABABABAB"
